# File format
# --------
# each line contains exactly one parameter defination with four fields
# each field is mendatory and needs to be in exact same order
# parameter_name    RESOURCE    FORMULA     OLTP_VALUE  OLAP_VALUE  MIXED_VALUE
# ---------------------------------------------------------------------------
#
# Allowed values for RESOUECE
#   MEMORY
#   CPU
#   DISK
#   WORKLOAD
#   NODE_TYPE
#   HOST_TYPE
#   CUSTOM
#
# Allowed values for FORMULA
#   PERCENTAGE
#   CUSTOM
#   
# ------------------------------------------------
#

shared_buffers          memory  percentage 40 60  70
work_mem                memory  percentage 10 20  10
maintenance_work_mem    memory  percentage 5 10  20
max_stack_depth         memory  percentage 1 1  1

max_worker_processes    cpu     percentage  100 100 100
max_parallel_workers_per_gather cpu percentage  20 20 20

seq_page_cost CUSTOM  CUSTOM  1.0  1.1  0.9
parallel_tuple_cost  CUSTOM  0.1  0.05  0.15
autovacuum_vacuum_scale_factor  CUSTOM  CUSTOM  0.3  0.4  0.5